#
# There is insufficient memory for the Java Runtime Environment to continue.
# Native memory allocation (malloc) failed to allocate 1048576 bytes. Error detail: AllocateHeap
# Possible reasons:
#   The system is out of physical RAM or swap space
#   This process is running with CompressedOops enabled, and the Java Heap may be blocking the growth of the native heap
# Possible solutions:
#   Reduce memory load on the system
#   Increase physical memory or swap space
#   Check if swap backing store is full
#   Decrease Java heap size (-Xmx/-Xms)
#   Decrease number of Java threads
#   Decrease Java thread stack sizes (-Xss)
#   Set larger code cache with -XX:ReservedCodeCacheSize=
#   JVM is running with Unscaled Compressed Oops mode in which the Java heap is
#     placed in the first 4GB address space. The Java Heap base address is the
#     maximum limit for the native heap growth. Please use -XX:HeapBaseMinAddress
#     to set the Java Heap base and to place the Java Heap above 4GB virtual address.
# This output file may be truncated or incomplete.
#
#  Out of Memory Error (allocation.cpp:44), pid=13372, tid=16856
#
# JRE version: OpenJDK Runtime Environment Temurin-21.0.11+10 (21.0.11+10) (build 21.0.11+10-LTS)
# Java VM: OpenJDK 64-Bit Server VM Temurin-21.0.11+10 (21.0.11+10-LTS, mixed mode, sharing, tiered, compressed oops, compressed class ptrs, parallel gc, windows-amd64)
# No core dump will be written. Minidumps are not enabled by default on client versions of Windows
#

---------------  S U M M A R Y ------------

Command Line: --add-modules=ALL-SYSTEM --add-opens=java.base/java.util=ALL-UNNAMED --add-opens=java.base/java.lang=ALL-UNNAMED --add-opens=java.base/sun.nio.fs=ALL-UNNAMED -Declipse.application=org.eclipse.jdt.ls.core.id1 -Dosgi.bundles.defaultStartLevel=4 -Declipse.product=org.eclipse.jdt.ls.core.product -Djava.import.generatesMetadataFilesAtProjectRoot=false -DDetectVMInstallationsJob.disabled=true -Dfile.encoding=utf8 -XX:+UseParallelGC -XX:GCTimeRatio=4 -XX:AdaptiveSizePolicyWeight=90 -Dsun.zip.disableMemoryMapping=true -Xmx2G -Xms100m -Xlog:disable -javaagent:c:\Users\Aman raj\.vscode\extensions\redhat.java-1.55.0-win32-x64\lombok\lombok-1.18.39-4050.jar -XX:+HeapDumpOnOutOfMemoryError -XX:HeapDumpPath=c:\Users\Aman raj\AppData\Roaming\Code\User\workspaceStorage\5f513f52087a13a16cb6df4646fdf309\redhat.java -Daether.dependencyCollector.impl=bf c:\Users\Aman raj\.vscode\extensions\redhat.java-1.55.0-win32-x64\server\plugins\org.eclipse.equinox.launcher_1.7.200.v20260619-2039.jar -configuration c:\Users\Aman raj\AppData\Roaming\Code\User\globalStorage\redhat.java\1.55.0\config_win -data c:\Users\Aman raj\AppData\Roaming\Code\User\workspaceStorage\5f513f52087a13a16cb6df4646fdf309\redhat.java\jdt_ws --pipe=\\.\pipe\lsp-d6b2baf7c568f8d24d2fe1d4e25d520e-sock

Host: 11th Gen Intel(R) Core(TM) i5-11260H @ 2.60GHz, 12 cores, 15G,  Windows 11 , 64 bit Build 26100 (10.0.26100.9168)
Time: Mon Aug 31 09:25:45 2026 India Standard Time elapsed time: 116.598393 seconds (0d 0h 1m 56s)

---------------  T H R E A D  ---------------

Current thread (0x000001aeb3392ef0):  JavaThread "Attach Listener" daemon [_thread_in_vm, id=16856, stack(0x0000006adcb00000,0x0000006adcc00000) (1024K)]

Stack: [0x0000006adcb00000,0x0000006adcc00000]
Native frames: (J=compiled Java code, j=interpreted, Vv=VM code, C=native code)
V  [jvm.dll+0x6d7e19]
V  [jvm.dll+0x8b5096]
V  [jvm.dll+0x8b764e]
V  [jvm.dll+0x8b7d33]
V  [jvm.dll+0x284596]
V  [jvm.dll+0xc13c7]
V  [jvm.dll+0x6d86c9]
V  [jvm.dll+0x133616]
V  [jvm.dll+0x3f868e]
V  [jvm.dll+0x85fb0d]
V  [jvm.dll+0x6d664d]
C  [ucrtbase.dll+0x2cd30]
C  [KERNEL32.DLL+0x2ccb7]
C  [ntdll.dll+0xaad6c]


---------------  P R O C E S S  ---------------

Threads class SMR info:
_java_thread_list=0x000001af1e4bff00, length=63, elements={
0x000001aeb32e35a0, 0x000001aeb3386fb0, 0x000001aeb3388ae0, 0x000001aeb338e370,
0x000001aeb3392ef0, 0x000001aeb3393950, 0x000001aeb33943b0, 0x000001aeb3396750,
0x000001af0c18c0b0, 0x000001af0c36be60, 0x000001af0c4b6230, 0x000001af0d71e890,
0x000001af0c4b5640, 0x000001af0c200000, 0x000001af0c204f50, 0x000001af0d63a080,
0x000001af0d80ebe0, 0x000001af0d375d60, 0x000001af0d376a80, 0x000001af0d3749b0,
0x000001af0d375040, 0x000001af0d3756d0, 0x000001af14169a60, 0x000001af14166c70,
0x000001af14168d40, 0x000001af14168020, 0x000001af141693d0, 0x000001af141665e0,
0x000001af14167300, 0x000001af141686b0, 0x000001af1441bbd0, 0x000001af1441c8f0,
0x000001af1441e9c0, 0x000001af1441f6e0, 0x000001af1441cf80, 0x000001af1441d610,
0x000001af1441dca0, 0x000001af1441e330, 0x000001af1441f050, 0x000001af144224d0,
0x000001af14421120, 0x000001af14420a90, 0x000001af160a6a20, 0x000001af160a6390,
0x000001af160a70b0, 0x000001af160a42c0, 0x000001af160a5670, 0x000001af160a7740,
0x000001af160a4950, 0x000001af160a8460, 0x000001af160a7dd0, 0x000001af160a4fe0,
0x000001af160a8af0, 0x000001af160a9180, 0x000001af160a5d00, 0x000001af160aabc0,
0x000001af160a9810, 0x000001af160a9ea0, 0x000001af160aa530, 0x000001af1e12a070,
0x000001af1e12b420, 0x000001af1e129350, 0x000001af1e12bab0
}

Java Threads: ( => current thread )
  0x000001aeb32e35a0 JavaThread "main"                              [_thread_blocked, id=27692, stack(0x0000006adc400000,0x0000006adc500000) (1024K)]
  0x000001aeb3386fb0 JavaThread "Reference Handler"          daemon [_thread_blocked, id=7944, stack(0x0000006adc800000,0x0000006adc900000) (1024K)]
  0x000001aeb3388ae0 JavaThread "Finalizer"                  daemon [_thread_blocked, id=27988, stack(0x0000006adc900000,0x0000006adca00000) (1024K)]
  0x000001aeb338e370 JavaThread "Signal Dispatcher"          daemon [_thread_blocked, id=13576, stack(0x0000006adca00000,0x0000006adcb00000) (1024K)]
=>0x000001aeb3392ef0 JavaThread "Attach Listener"            daemon [_thread_in_vm, id=16856, stack(0x0000006adcb00000,0x0000006adcc00000) (1024K)]
  0x000001aeb3393950 JavaThread "Service Thread"             daemon [_thread_blocked, id=28916, stack(0x0000006adcc00000,0x0000006adcd00000) (1024K)]
  0x000001aeb33943b0 JavaThread "Monitor Deflation Thread"   daemon [_thread_blocked, id=10764, stack(0x0000006adcd00000,0x0000006adce00000) (1024K)]
  0x000001aeb3396750 JavaThread "C2 CompilerThread0"         daemon [_thread_blocked, id=25836, stack(0x0000006adce00000,0x0000006adcf00000) (1024K)]
  0x000001af0c18c0b0 JavaThread "C1 CompilerThread0"         daemon [_thread_blocked, id=27232, stack(0x0000006adcf00000,0x0000006add000000) (1024K)]
  0x000001af0c36be60 JavaThread "Common-Cleaner"             daemon [_thread_blocked, id=24644, stack(0x0000006add000000,0x0000006add100000) (1024K)]
  0x000001af0c4b6230 JavaThread "Notification Thread"        daemon [_thread_blocked, id=28996, stack(0x0000006add200000,0x0000006add300000) (1024K)]
  0x000001af0d71e890 JavaThread "Active Thread: Equinox Container: 55e72ca6-e1e3-4216-943f-38032949425e"        [_thread_blocked, id=25000, stack(0x0000006adda00000,0x0000006addb00000) (1024K)]
  0x000001af0c4b5640 JavaThread "Refresh Thread: Equinox Container: 55e72ca6-e1e3-4216-943f-38032949425e" daemon [_thread_blocked, id=6964, stack(0x0000006add300000,0x0000006add400000) (1024K)]
  0x000001af0c200000 JavaThread "Framework Event Dispatcher: Equinox Container: 55e72ca6-e1e3-4216-943f-38032949425e" daemon [_thread_blocked, id=11284, stack(0x0000006addb00000,0x0000006addc00000) (1024K)]
  0x000001af0c204f50 JavaThread "Start Level: Equinox Container: 55e72ca6-e1e3-4216-943f-38032949425e" daemon [_thread_blocked, id=19592, stack(0x0000006addc00000,0x0000006addd00000) (1024K)]
  0x000001af0d63a080 JavaThread "Bundle File Closer"         daemon [_thread_blocked, id=2832, stack(0x0000006addd00000,0x0000006adde00000) (1024K)]
  0x000001af0d80ebe0 JavaThread "SCR Component Actor"        daemon [_thread_blocked, id=15544, stack(0x0000006ade000000,0x0000006ade100000) (1024K)]
  0x000001af0d375d60 JavaThread "Worker-JM"                         [_thread_blocked, id=25612, stack(0x0000006ade300000,0x0000006ade400000) (1024K)]
  0x000001af0d376a80 JavaThread "JNA Cleaner"                daemon [_thread_blocked, id=932, stack(0x0000006ade100000,0x0000006ade200000) (1024K)]
  0x000001af0d3749b0 JavaThread "Worker-2"                          [_thread_blocked, id=33796, stack(0x0000006ade600000,0x0000006ade700000) (1024K)]
  0x000001af0d375040 JavaThread "Java indexing"              daemon [_thread_blocked, id=29012, stack(0x0000006ade700000,0x0000006ade800000) (1024K)]
  0x000001af0d3756d0 JavaThread "Worker-3: Initialize workspace"        [_thread_blocked, id=22936, stack(0x0000006ade800000,0x0000006ade900000) (1024K)]
  0x000001af14169a60 JavaThread "Worker-4"                          [_thread_blocked, id=31848, stack(0x0000006adec00000,0x0000006aded00000) (1024K)]
  0x000001af14166c70 JavaThread "Thread-1"                   daemon [_thread_in_native, id=30672, stack(0x0000006adee00000,0x0000006adef00000) (1024K)]
  0x000001af14168d40 JavaThread "Thread-2"                   daemon [_thread_in_native, id=32492, stack(0x0000006adef00000,0x0000006adf000000) (1024K)]
  0x000001af14168020 JavaThread "Thread-3"                   daemon [_thread_in_native, id=1588, stack(0x0000006adf000000,0x0000006adf100000) (1024K)]
  0x000001af141693d0 JavaThread "Thread-4"                   daemon [_thread_in_native, id=32488, stack(0x0000006adf100000,0x0000006adf200000) (1024K)]
  0x000001af141665e0 JavaThread "Thread-5"                   daemon [_thread_in_native, id=7528, stack(0x0000006adf200000,0x0000006adf300000) (1024K)]
  0x000001af14167300 JavaThread "Thread-6"                   daemon [_thread_in_native, id=1168, stack(0x0000006adf300000,0x0000006adf400000) (1024K)]
  0x000001af141686b0 JavaThread "Thread-7"                   daemon [_thread_in_native, id=22084, stack(0x0000006adf400000,0x0000006adf500000) (1024K)]
  0x000001af1441bbd0 JavaThread "Thread-8"                   daemon [_thread_in_native, id=33340, stack(0x0000006adf500000,0x0000006adf600000) (1024K)]
  0x000001af1441c8f0 JavaThread "Thread-9"                   daemon [_thread_in_native, id=27424, stack(0x0000006adf600000,0x0000006adf700000) (1024K)]
  0x000001af1441e9c0 JavaThread "Thread-10"                  daemon [_thread_in_native, id=32460, stack(0x0000006adf700000,0x0000006adf800000) (1024K)]
  0x000001af1441f6e0 JavaThread "Thread-11"                  daemon [_thread_in_native, id=5808, stack(0x0000006adf800000,0x0000006adf900000) (1024K)]
  0x000001af1441cf80 JavaThread "Thread-12"                  daemon [_thread_in_native, id=33384, stack(0x0000006adf900000,0x0000006adfa00000) (1024K)]
  0x000001af1441d610 JavaThread "Thread-13"                  daemon [_thread_in_native, id=30984, stack(0x0000006adfa00000,0x0000006adfb00000) (1024K)]
  0x000001af1441dca0 JavaThread "pool-2-thread-1"                   [_thread_blocked, id=16460, stack(0x0000006adfb00000,0x0000006adfc00000) (1024K)]
  0x000001af1441e330 JavaThread "WorkspaceEventsHandler"            [_thread_blocked, id=14416, stack(0x0000006adfd00000,0x0000006adfe00000) (1024K)]
  0x000001af1441f050 JavaThread "pool-1-thread-1"                   [_thread_blocked, id=13568, stack(0x0000006adfe00000,0x0000006adff00000) (1024K)]
  0x000001af144224d0 JavaThread "Timer-0"                           [_thread_blocked, id=9744, stack(0x0000006ade900000,0x0000006adea00000) (1024K)]
  0x000001af14421120 JavaThread "ForkJoinPool.commonPool-worker-1" daemon [_thread_blocked, id=2748, stack(0x0000006ade200000,0x0000006ade300000) (1024K)]
  0x000001af14420a90 JavaThread "ForkJoinPool.commonPool-worker-2" daemon [_thread_blocked, id=9460, stack(0x0000006ae0000000,0x0000006ae0100000) (1024K)]
  0x000001af160a6a20 JavaThread "ForkJoinPool.commonPool-worker-3" daemon [_thread_blocked, id=14152, stack(0x0000006ae0100000,0x0000006ae0200000) (1024K)]
  0x000001af160a6390 JavaThread "ForkJoinPool.commonPool-worker-4" daemon [_thread_blocked, id=34240, stack(0x0000006ae0200000,0x0000006ae0300000) (1024K)]
  0x000001af160a70b0 JavaThread "ForkJoinPool.commonPool-worker-5" daemon [_thread_blocked, id=28396, stack(0x0000006ae0300000,0x0000006ae0400000) (1024K)]
  0x000001af160a42c0 JavaThread "ForkJoinPool.commonPool-worker-6" daemon [_thread_blocked, id=8972, stack(0x0000006ae0400000,0x0000006ae0500000) (1024K)]
  0x000001af160a5670 JavaThread "PatternSearchJob-worker-1"  daemon [_thread_blocked, id=19780, stack(0x0000006ae0500000,0x0000006ae0600000) (1024K)]
  0x000001af160a7740 JavaThread "PatternSearchJob-worker-2"  daemon [_thread_blocked, id=684, stack(0x0000006ae0600000,0x0000006ae0700000) (1024K)]
  0x000001af160a4950 JavaThread "PatternSearchJob-worker-3"  daemon [_thread_blocked, id=31472, stack(0x0000006ae0700000,0x0000006ae0800000) (1024K)]
  0x000001af160a8460 JavaThread "PatternSearchJob-worker-4"  daemon [_thread_blocked, id=4248, stack(0x0000006ae0800000,0x0000006ae0900000) (1024K)]
  0x000001af160a7dd0 JavaThread "PatternSearchJob-worker-5"  daemon [_thread_blocked, id=5772, stack(0x0000006ae0900000,0x0000006ae0a00000) (1024K)]
  0x000001af160a4fe0 JavaThread "PatternSearchJob-worker-6"  daemon [_thread_blocked, id=28684, stack(0x0000006ae0a00000,0x0000006ae0b00000) (1024K)]
  0x000001af160a8af0 JavaThread "PatternSearchJob-worker-8"  daemon [_thread_blocked, id=4136, stack(0x0000006ae0b00000,0x0000006ae0c00000) (1024K)]
  0x000001af160a9180 JavaThread "PatternSearchJob-worker-7"  daemon [_thread_blocked, id=17928, stack(0x0000006ae0c00000,0x0000006ae0d00000) (1024K)]
  0x000001af160a5d00 JavaThread "PatternSearchJob-worker-9"  daemon [_thread_blocked, id=14024, stack(0x0000006ae0d00000,0x0000006ae0e00000) (1024K)]
  0x000001af160aabc0 JavaThread "PatternSearchJob-worker-10" daemon [_thread_blocked, id=22200, stack(0x0000006ae0e00000,0x0000006ae0f00000) (1024K)]
  0x000001af160a9810 JavaThread "PatternSearchJob-worker-11" daemon [_thread_blocked, id=15148, stack(0x0000006ae0f00000,0x0000006ae1000000) (1024K)]
  0x000001af160a9ea0 JavaThread "Connection worker"                 [_thread_in_native, id=996, stack(0x0000006ae1100000,0x0000006ae1200000) (1024K)]
  0x000001af160aa530 JavaThread "ForkJoinPool.commonPool-worker-8" daemon [_thread_blocked, id=30972, stack(0x0000006ae1300000,0x0000006ae1400000) (1024K)]
  0x000001af1e12a070 JavaThread "ForkJoinPool.commonPool-worker-9" daemon [_thread_blocked, id=24168, stack(0x0000006ae1400000,0x0000006ae1500000) (1024K)]
  0x000001af1e12b420 JavaThread "ForkJoinPool.commonPool-worker-10" daemon [_thread_blocked, id=31804, stack(0x0000006ae1500000,0x0000006ae1600000) (1024K)]
  0x000001af1e129350 JavaThread "ForkJoinPool.commonPool-worker-11" daemon [_thread_blocked, id=31720, stack(0x0000006ae1600000,0x0000006ae1700000) (1024K)]
  0x000001af1e12bab0 JavaThread "pool-3-thread-1"                   [_thread_blocked, id=12496, stack(0x0000006adc300000,0x0000006adc400000) (1024K)]
Total: 63

Other Threads:
  0x000001aeb3380b40 VMThread "VM Thread"                           [id=4128, stack(0x0000006adc700000,0x0000006adc800000) (1024K)]
  0x000001aeb334fa60 WatcherThread "VM Periodic Task Thread"        [id=29280, stack(0x0000006adc600000,0x0000006adc700000) (1024K)]
  0x000001aeb33013c0 WorkerThread "GC Thread#0"                     [id=14772, stack(0x0000006adc500000,0x0000006adc600000) (1024K)]
  0x000001af0d753910 WorkerThread "GC Thread#1"                     [id=14232, stack(0x0000006add400000,0x0000006add500000) (1024K)]
  0x000001af0d79c7d0 WorkerThread "GC Thread#2"                     [id=1064, stack(0x0000006add500000,0x0000006add600000) (1024K)]
  0x000001af0d73c3e0 WorkerThread "GC Thread#3"                     [id=16956, stack(0x0000006add600000,0x0000006add700000) (1024K)]
  0x000001af0d73c790 WorkerThread "GC Thread#4"                     [id=12076, stack(0x0000006add700000,0x0000006add800000) (1024K)]
  0x000001af0d73cb40 WorkerThread "GC Thread#5"                     [id=13676, stack(0x0000006add800000,0x0000006add900000) (1024K)]
  0x000001af0d704370 WorkerThread "GC Thread#6"                     [id=24416, stack(0x0000006add900000,0x0000006adda00000) (1024K)]
  0x000001af0c18eb60 WorkerThread "GC Thread#7"                     [id=28172, stack(0x0000006add100000,0x0000006add200000) (1024K)]
  0x000001af0d699f60 WorkerThread "GC Thread#8"                     [id=20364, stack(0x0000006adde00000,0x0000006addf00000) (1024K)]
  0x000001af122b6f70 WorkerThread "GC Thread#9"                     [id=13416, stack(0x0000006addf00000,0x0000006ade000000) (1024K)]
Total: 12

Threads with active compile tasks:
Total: 0

VM state: not at safepoint (normal execution)

VM Mutex/Monitor currently owned by a thread: None

Heap address: 0x0000000080000000, size: 2048 MB, Compressed Oops mode: 32-bit

CDS archive(s) mapped at: [0x000001aeca000000-0x000001aecaba0000-0x000001aecaba0000), size 12189696, SharedBaseAddress: 0x000001aeca000000, ArchiveRelocationMode: 1.
Compressed class space mapped at: 0x000001aecb000000-0x000001af0b000000, reserved size: 1073741824
Narrow klass base: 0x000001aeca000000, Narrow klass shift: 0, Narrow klass range: 0x100000000

GC Precious Log:
 CardTable entry size: 512
 CPUs: 12 total, 12 available
 Memory: 16110M
 Large Page Support: Disabled
 NUMA Support: Disabled
 Compressed Oops: Enabled (32-bit)
 Alignments: Space 512K, Generation 512K, Heap 2M
 Heap Min Capacity: 100M
 Heap Initial Capacity: 100M
 Heap Max Capacity: 2G
 Pre-touch: Disabled
 Parallel Workers: 10

Heap:
 PSYoungGen      total 6144K, used 1140K [0x00000000d5580000, 0x00000000d5d80000, 0x0000000100000000)
  eden space 5120K, 17% used [0x00000000d5580000,0x00000000d565d358,0x00000000d5a80000)
  from space 1024K, 25% used [0x00000000d5b80000,0x00000000d5bc0000,0x00000000d5c80000)
  to   space 512K, 0% used [0x00000000d5d00000,0x00000000d5d00000,0x00000000d5d80000)
 ParOldGen       total 176640K, used 176572K [0x0000000080000000, 0x000000008ac80000, 0x00000000d5580000)
  object space 176640K, 99% used [0x0000000080000000,0x000000008ac6f1d8,0x000000008ac80000)
 Metaspace       used 69799K, committed 71296K, reserved 1114112K
  class space    used 8135K, committed 8768K, reserved 1048576K

Card table byte_map: [0x000001aeb2c80000,0x000001aeb3090000] _byte_map_base: 0x000001aeb2880000

Marking Bits: (ParMarkBitMap*) 0x00007fff01214460
 Begin Bits: [0x000001aec5790000, 0x000001aec7790000)
 End Bits:   [0x000001aec7790000, 0x000001aec9790000)

Polling page: 0x000001aeb1190000

Metaspace:

Usage:
  Non-class:     60.22 MB used.
      Class:      7.94 MB used.
       Both:     68.16 MB used.

Virtual space:
  Non-class space:       64.00 MB reserved,      61.06 MB ( 95%) committed,  1 nodes.
      Class space:        1.00 GB reserved,       8.56 MB ( <1%) committed,  1 nodes.
             Both:        1.06 GB reserved,      69.62 MB (  6%) committed. 

Chunk freelists:
   Non-Class:  2.11 MB
       Class:  7.47 MB
        Both:  9.58 MB

MaxMetaspaceSize: unlimited
CompressedClassSpaceSize: 1.00 GB
Initial GC threshold: 21.00 MB
Current GC threshold: 97.31 MB
CDS: on
 - commit_granule_bytes: 65536.
 - commit_granule_words: 8192.
 - virtual_space_node_default_size: 8388608.
 - enlarge_chunks_in_place: 1.
 - use_allocation_guard: 0.


Internal statistics:

num_allocs_failed_limit: 11.
num_arena_births: 1284.
num_arena_deaths: 30.
num_vsnodes_births: 2.
num_vsnodes_deaths: 0.
num_space_committed: 1114.
num_space_uncommitted: 0.
num_chunks_returned_to_freelist: 48.
num_chunks_taken_from_freelist: 4226.
num_chunk_merges: 18.
num_chunk_splits: 2674.
num_chunks_enlarged: 1631.
num_inconsistent_stats: 0.

CodeHeap 'non-profiled nmethods': size=120000Kb used=7312Kb max_used=7312Kb free=112687Kb
 bounds [0x000001aebdfb0000, 0x000001aebe6e0000, 0x000001aec54e0000]
CodeHeap 'profiled nmethods': size=120000Kb used=20519Kb max_used=20519Kb free=99480Kb
 bounds [0x000001aeb64e0000, 0x000001aeb78f0000, 0x000001aebda10000]
CodeHeap 'non-nmethods': size=5760Kb used=1466Kb max_used=1518Kb free=4293Kb
 bounds [0x000001aebda10000, 0x000001aebdc80000, 0x000001aebdfb0000]
CodeCache: size=245760Kb, used=29297Kb, max_used=29349Kb, free=216460Kb
 total_blobs=10557, nmethods=9788, adapters=675, full_count=0
Compilation: enabled, stopped_count=0, restarted_count=0

Compilation events (20 events):
Event: 100.277 Thread 0x000001af0c18c0b0 10628   !   3       org.gradle.launcher.daemon.client.DaemonClientConnection::receive (81 bytes)
Event: 100.278 Thread 0x000001af0c18c0b0 nmethod 10628 0x000001aeb78e1310 code [0x000001aeb78e15c0, 0x000001aeb78e2178]
Event: 100.278 Thread 0x000001af0c18c0b0 10629   !   3       org.gradle.internal.remote.internal.inet.SocketConnection::receive (142 bytes)
Event: 100.279 Thread 0x000001af0c18c0b0 nmethod 10629 0x000001aeb78e2990 code [0x000001aeb78e2f20, 0x000001aeb78e5d98]
Event: 101.088 Thread 0x000001af0c18c0b0 10630       3       org.gradle.internal.event.ListenerBroadcast::getSource (35 bytes)
Event: 101.088 Thread 0x000001af0c18c0b0 nmethod 10630 0x000001aeb78e6f90 code [0x000001aeb78e7140, 0x000001aeb78e7418]
Event: 101.088 Thread 0x000001af0c18c0b0 10631       3       org.gradle.tooling.internal.consumer.parameters.ProgressListenerAdapter$1::<init> (15 bytes)
Event: 101.088 Thread 0x000001af0c18c0b0 nmethod 10631 0x000001aeb78e7590 code [0x000001aeb78e7740, 0x000001aeb78e78d8]
Event: 101.088 Thread 0x000001af0c18c0b0 10632   !   3       jdk.proxy9.$Proxy45::statusChanged (34 bytes)
Event: 101.089 Thread 0x000001af0c18c0b0 nmethod 10632 0x000001aeb78e7990 code [0x000001aeb78e7b60, 0x000001aeb78e8048]
Event: 101.164 Thread 0x000001af0c18c0b0 10633       1       org.gradle.internal.operations.BuildOperationCategory::isGrouped (5 bytes)
Event: 101.164 Thread 0x000001af0c18c0b0 nmethod 10633 0x000001aebe6d3b10 code [0x000001aebe6d3ca0, 0x000001aebe6d3d70]
Event: 102.678 Thread 0x000001af0c18c0b0 10634       3       com.esotericsoftware.kryo.io.Input::readVarLong (329 bytes)
Event: 102.678 Thread 0x000001af0c18c0b0 nmethod 10634 0x000001aeb78e8290 code [0x000001aeb78e8480, 0x000001aeb78e8ae0]
Event: 102.755 Thread 0x000001aeb3396750 10635       4       java.util.concurrent.TimeUnit::toNanos (45 bytes)
Event: 102.756 Thread 0x000001aeb3396750 nmethod 10635 0x000001aebe6d3e10 code [0x000001aebe6d3fa0, 0x000001aebe6d4098]
Event: 107.703 Thread 0x000001af0c18c0b0 10636   !   3       org.gradle.internal.serialize.kryo.KryoBackedDecoder::readLong (15 bytes)
Event: 107.703 Thread 0x000001af0c18c0b0 nmethod 10636 0x000001aeb78e8d10 code [0x000001aeb78e8f20, 0x000001aeb78e9500]
Event: 107.703 Thread 0x000001af0c18c0b0 10637       3       com.esotericsoftware.kryo.io.Input::readLong (181 bytes)
Event: 107.703 Thread 0x000001af0c18c0b0 nmethod 10637 0x000001aeb78e9710 code [0x000001aeb78e98e0, 0x000001aeb78e9c30]

GC Heap History (20 events):
Event: 31.698 GC heap before
{Heap before GC invocations=79 (full 3):
 PSYoungGen      total 7680K, used 7424K [0x00000000d5580000, 0x00000000d6580000, 0x0000000100000000)
  eden space 5120K, 100% used [0x00000000d5580000,0x00000000d5a80000,0x00000000d5a80000)
  from space 2560K, 90% used [0x00000000d5a80000,0x00000000d5cc0030,0x00000000d5d00000)
  to   space 5120K, 0% used [0x00000000d6080000,0x00000000d6080000,0x00000000d6580000)
 ParOldGen       total 145408K, used 144159K [0x0000000080000000, 0x0000000088e00000, 0x00000000d5580000)
  object space 145408K, 99% used [0x0000000080000000,0x0000000088cc7db0,0x0000000088e00000)
 Metaspace       used 69030K, committed 70528K, reserved 1114112K
  class space    used 8069K, committed 8704K, reserved 1048576K
}
Event: 31.703 GC heap after
{Heap after GC invocations=79 (full 3):
 PSYoungGen      total 9728K, used 4424K [0x00000000d5580000, 0x00000000d6500000, 0x0000000100000000)
  eden space 5120K, 0% used [0x00000000d5580000,0x00000000d5580000,0x00000000d5a80000)
  from space 4608K, 96% used [0x00000000d6080000,0x00000000d64d2260,0x00000000d6500000)
  to   space 5120K, 0% used [0x00000000d5b00000,0x00000000d5b00000,0x00000000d6000000)
 ParOldGen       total 145920K, used 145799K [0x0000000080000000, 0x0000000088e80000, 0x00000000d5580000)
  object space 145920K, 99% used [0x0000000080000000,0x0000000088e61dc0,0x0000000088e80000)
 Metaspace       used 69030K, committed 70528K, reserved 1114112K
  class space    used 8069K, committed 8704K, reserved 1048576K
}
Event: 31.737 GC heap before
{Heap before GC invocations=80 (full 3):
 PSYoungGen      total 9728K, used 9544K [0x00000000d5580000, 0x00000000d6500000, 0x0000000100000000)
  eden space 5120K, 100% used [0x00000000d5580000,0x00000000d5a80000,0x00000000d5a80000)
  from space 4608K, 96% used [0x00000000d6080000,0x00000000d64d2260,0x00000000d6500000)
  to   space 5120K, 0% used [0x00000000d5b00000,0x00000000d5b00000,0x00000000d6000000)
 ParOldGen       total 145920K, used 145799K [0x0000000080000000, 0x0000000088e80000, 0x00000000d5580000)
  object space 145920K, 99% used [0x0000000080000000,0x0000000088e61dc0,0x0000000088e80000)
 Metaspace       used 69047K, committed 70528K, reserved 1114112K
  class space    used 8071K, committed 8704K, reserved 1048576K
}
Event: 31.741 GC heap after
{Heap after GC invocations=80 (full 3):
 PSYoungGen      total 10240K, used 5120K [0x00000000d5580000, 0x00000000d6580000, 0x0000000100000000)
  eden space 5120K, 0% used [0x00000000d5580000,0x00000000d5580000,0x00000000d5a80000)
  from space 5120K, 100% used [0x00000000d5b00000,0x00000000d6000000,0x00000000d6000000)
  to   space 5632K, 0% used [0x00000000d6000000,0x00000000d6000000,0x00000000d6580000)
 ParOldGen       total 150528K, used 150136K [0x0000000080000000, 0x0000000089300000, 0x00000000d5580000)
  object space 150528K, 99% used [0x0000000080000000,0x000000008929e020,0x0000000089300000)
 Metaspace       used 69047K, committed 70528K, reserved 1114112K
  class space    used 8071K, committed 8704K, reserved 1048576K
}
Event: 31.813 GC heap before
{Heap before GC invocations=81 (full 3):
 PSYoungGen      total 10240K, used 10240K [0x00000000d5580000, 0x00000000d6580000, 0x0000000100000000)
  eden space 5120K, 100% used [0x00000000d5580000,0x00000000d5a80000,0x00000000d5a80000)
  from space 5120K, 100% used [0x00000000d5b00000,0x00000000d6000000,0x00000000d6000000)
  to   space 5632K, 0% used [0x00000000d6000000,0x00000000d6000000,0x00000000d6580000)
 ParOldGen       total 150528K, used 150136K [0x0000000080000000, 0x0000000089300000, 0x00000000d5580000)
  object space 150528K, 99% used [0x0000000080000000,0x000000008929e020,0x0000000089300000)
 Metaspace       used 69047K, committed 70528K, reserved 1114112K
  class space    used 8071K, committed 8704K, reserved 1048576K
}
Event: 31.818 GC heap after
{Heap after GC invocations=81 (full 3):
 PSYoungGen      total 10752K, used 5216K [0x00000000d5580000, 0x00000000d6580000, 0x0000000100000000)
  eden space 5120K, 0% used [0x00000000d5580000,0x00000000d5580000,0x00000000d5a80000)
  from space 5632K, 92% used [0x00000000d6000000,0x00000000d6518000,0x00000000d6580000)
  to   space 5632K, 0% used [0x00000000d5a80000,0x00000000d5a80000,0x00000000d6000000)
 ParOldGen       total 155648K, used 155184K [0x0000000080000000, 0x0000000089800000, 0x00000000d5580000)
  object space 155648K, 99% used [0x0000000080000000,0x000000008978c020,0x0000000089800000)
 Metaspace       used 69047K, committed 70528K, reserved 1114112K
  class space    used 8071K, committed 8704K, reserved 1048576K
}
Event: 31.895 GC heap before
{Heap before GC invocations=82 (full 3):
 PSYoungGen      total 10752K, used 10336K [0x00000000d5580000, 0x00000000d6580000, 0x0000000100000000)
  eden space 5120K, 100% used [0x00000000d5580000,0x00000000d5a80000,0x00000000d5a80000)
  from space 5632K, 92% used [0x00000000d6000000,0x00000000d6518000,0x00000000d6580000)
  to   space 5632K, 0% used [0x00000000d5a80000,0x00000000d5a80000,0x00000000d6000000)
 ParOldGen       total 155648K, used 155184K [0x0000000080000000, 0x0000000089800000, 0x00000000d5580000)
  object space 155648K, 99% used [0x0000000080000000,0x000000008978c020,0x0000000089800000)
 Metaspace       used 69047K, committed 70528K, reserved 1114112K
  class space    used 8071K, committed 8704K, reserved 1048576K
}
Event: 31.899 GC heap after
{Heap after GC invocations=82 (full 3):
 PSYoungGen      total 10752K, used 5280K [0x00000000d5580000, 0x00000000d6580000, 0x0000000100000000)
  eden space 5120K, 0% used [0x00000000d5580000,0x00000000d5580000,0x00000000d5a80000)
  from space 5632K, 93% used [0x00000000d5a80000,0x00000000d5fa8000,0x00000000d6000000)
  to   space 5632K, 0% used [0x00000000d6000000,0x00000000d6000000,0x00000000d6580000)
 ParOldGen       total 160768K, used 160336K [0x0000000080000000, 0x0000000089d00000, 0x00000000d5580000)
  object space 160768K, 99% used [0x0000000080000000,0x0000000089c94020,0x0000000089d00000)
 Metaspace       used 69047K, committed 70528K, reserved 1114112K
  class space    used 8071K, committed 8704K, reserved 1048576K
}
Event: 31.976 GC heap before
{Heap before GC invocations=83 (full 3):
 PSYoungGen      total 10752K, used 10278K [0x00000000d5580000, 0x00000000d6580000, 0x0000000100000000)
  eden space 5120K, 97% used [0x00000000d5580000,0x00000000d5a61bb8,0x00000000d5a80000)
  from space 5632K, 93% used [0x00000000d5a80000,0x00000000d5fa8000,0x00000000d6000000)
  to   space 5632K, 0% used [0x00000000d6000000,0x00000000d6000000,0x00000000d6580000)
 ParOldGen       total 160768K, used 160336K [0x0000000080000000, 0x0000000089d00000, 0x00000000d5580000)
  object space 160768K, 99% used [0x0000000080000000,0x0000000089c94020,0x0000000089d00000)
 Metaspace       used 69047K, committed 70528K, reserved 1114112K
  class space    used 8071K, committed 8704K, reserved 1048576K
}
Event: 31.982 GC heap after
{Heap after GC invocations=83 (full 3):
 PSYoungGen      total 10240K, used 4986K [0x00000000d5580000, 0x00000000d6500000, 0x0000000100000000)
  eden space 5120K, 0% used [0x00000000d5580000,0x00000000d5580000,0x00000000d5a80000)
  from space 5120K, 97% used [0x00000000d6000000,0x00000000d64de800,0x00000000d6500000)
  to   space 5120K, 0% used [0x00000000d5b00000,0x00000000d5b00000,0x00000000d6000000)
 ParOldGen       total 165888K, used 165504K [0x0000000080000000, 0x000000008a200000, 0x00000000d5580000)
  object space 165888K, 99% used [0x0000000080000000,0x000000008a1a0020,0x000000008a200000)
 Metaspace       used 69047K, committed 70528K, reserved 1114112K
  class space    used 8071K, committed 8704K, reserved 1048576K
}
Event: 32.168 GC heap before
{Heap before GC invocations=84 (full 3):
 PSYoungGen      total 10240K, used 9108K [0x00000000d5580000, 0x00000000d6500000, 0x0000000100000000)
  eden space 5120K, 80% used [0x00000000d5580000,0x00000000d5986a70,0x00000000d5a80000)
  from space 5120K, 97% used [0x00000000d6000000,0x00000000d64de800,0x00000000d6500000)
  to   space 5120K, 0% used [0x00000000d5b00000,0x00000000d5b00000,0x00000000d6000000)
 ParOldGen       total 165888K, used 165504K [0x0000000080000000, 0x000000008a200000, 0x00000000d5580000)
  object space 165888K, 99% used [0x0000000080000000,0x000000008a1a0020,0x000000008a200000)
 Metaspace       used 69047K, committed 70528K, reserved 1114112K
  class space    used 8071K, committed 8704K, reserved 1048576K
}
Event: 32.173 GC heap after
{Heap after GC invocations=84 (full 3):
 PSYoungGen      total 8704K, used 3312K [0x00000000d5580000, 0x00000000d6280000, 0x0000000100000000)
  eden space 5120K, 0% used [0x00000000d5580000,0x00000000d5580000,0x00000000d5a80000)
  from space 3584K, 92% used [0x00000000d5b00000,0x00000000d5e3c000,0x00000000d5e80000)
  to   space 4096K, 0% used [0x00000000d5e80000,0x00000000d5e80000,0x00000000d6280000)
 ParOldGen       total 170496K, used 170248K [0x0000000080000000, 0x000000008a680000, 0x00000000d5580000)
  object space 170496K, 99% used [0x0000000080000000,0x000000008a642020,0x000000008a680000)
 Metaspace       used 69047K, committed 70528K, reserved 1114112K
  class space    used 8071K, committed 8704K, reserved 1048576K
}
Event: 32.964 GC heap before
{Heap before GC invocations=85 (full 3):
 PSYoungGen      total 8704K, used 8431K [0x00000000d5580000, 0x00000000d6280000, 0x0000000100000000)
  eden space 5120K, 99% used [0x00000000d5580000,0x00000000d5a7fff0,0x00000000d5a80000)
  from space 3584K, 92% used [0x00000000d5b00000,0x00000000d5e3c000,0x00000000d5e80000)
  to   space 4096K, 0% used [0x00000000d5e80000,0x00000000d5e80000,0x00000000d6280000)
 ParOldGen       total 170496K, used 170248K [0x0000000080000000, 0x000000008a680000, 0x00000000d5580000)
  object space 170496K, 99% used [0x0000000080000000,0x000000008a642020,0x000000008a680000)
 Metaspace       used 69083K, committed 70528K, reserved 1114112K
  class space    used 8072K, committed 8704K, reserved 1048576K
}
Event: 32.969 GC heap after
{Heap after GC invocations=85 (full 3):
 PSYoungGen      total 9216K, used 3936K [0x00000000d5580000, 0x00000000d6280000, 0x0000000100000000)
  eden space 5120K, 0% used [0x00000000d5580000,0x00000000d5580000,0x00000000d5a80000)
  from space 4096K, 96% used [0x00000000d5e80000,0x00000000d6258000,0x00000000d6280000)
  to   space 4096K, 0% used [0x00000000d5a80000,0x00000000d5a80000,0x00000000d5e80000)
 ParOldGen       total 172544K, used 172192K [0x0000000080000000, 0x000000008a880000, 0x00000000d5580000)
  object space 172544K, 99% used [0x0000000080000000,0x000000008a828020,0x000000008a880000)
 Metaspace       used 69083K, committed 70528K, reserved 1114112K
  class space    used 8072K, committed 8704K, reserved 1048576K
}
Event: 35.952 GC heap before
{Heap before GC invocations=86 (full 3):
 PSYoungGen      total 9216K, used 9056K [0x00000000d5580000, 0x00000000d6280000, 0x0000000100000000)
  eden space 5120K, 100% used [0x00000000d5580000,0x00000000d5a80000,0x00000000d5a80000)
  from space 4096K, 96% used [0x00000000d5e80000,0x00000000d6258000,0x00000000d6280000)
  to   space 4096K, 0% used [0x00000000d5a80000,0x00000000d5a80000,0x00000000d5e80000)
 ParOldGen       total 172544K, used 172192K [0x0000000080000000, 0x000000008a880000, 0x00000000d5580000)
  object space 172544K, 99% used [0x0000000080000000,0x000000008a828020,0x000000008a880000)
 Metaspace       used 69532K, committed 71040K, reserved 1114112K
  class space    used 8130K, committed 8768K, reserved 1048576K
}
Event: 35.957 GC heap after
{Heap after GC invocations=86 (full 3):
 PSYoungGen      total 6144K, used 736K [0x00000000d5580000, 0x00000000d5f00000, 0x0000000100000000)
  eden space 5120K, 0% used [0x00000000d5580000,0x00000000d5580000,0x00000000d5a80000)
  from space 1024K, 71% used [0x00000000d5a80000,0x00000000d5b38000,0x00000000d5b80000)
  to   space 2048K, 0% used [0x00000000d5d00000,0x00000000d5d00000,0x00000000d5f00000)
 ParOldGen       total 176128K, used 175952K [0x0000000080000000, 0x000000008ac00000, 0x00000000d5580000)
  object space 176128K, 99% used [0x0000000080000000,0x000000008abd4020,0x000000008ac00000)
 Metaspace       used 69532K, committed 71040K, reserved 1114112K
  class space    used 8130K, committed 8768K, reserved 1048576K
}
Event: 36.178 GC heap before
{Heap before GC invocations=87 (full 3):
 PSYoungGen      total 6144K, used 5856K [0x00000000d5580000, 0x00000000d5f00000, 0x0000000100000000)
  eden space 5120K, 100% used [0x00000000d5580000,0x00000000d5a80000,0x00000000d5a80000)
  from space 1024K, 71% used [0x00000000d5a80000,0x00000000d5b38000,0x00000000d5b80000)
  to   space 2048K, 0% used [0x00000000d5d00000,0x00000000d5d00000,0x00000000d5f00000)
 ParOldGen       total 176128K, used 175952K [0x0000000080000000, 0x000000008ac00000, 0x00000000d5580000)
  object space 176128K, 99% used [0x0000000080000000,0x000000008abd4020,0x000000008ac00000)
 Metaspace       used 69580K, committed 71104K, reserved 1114112K
  class space    used 8130K, committed 8768K, reserved 1048576K
}
Event: 36.180 GC heap after
{Heap after GC invocations=87 (full 3):
 PSYoungGen      total 5632K, used 160K [0x00000000d5580000, 0x00000000d5d80000, 0x0000000100000000)
  eden space 5120K, 0% used [0x00000000d5580000,0x00000000d5580000,0x00000000d5a80000)
  from space 512K, 31% used [0x00000000d5d00000,0x00000000d5d28000,0x00000000d5d80000)
  to   space 1024K, 0% used [0x00000000d5b80000,0x00000000d5b80000,0x00000000d5c80000)
 ParOldGen       total 176640K, used 176516K [0x0000000080000000, 0x000000008ac80000, 0x00000000d5580000)
  object space 176640K, 99% used [0x0000000080000000,0x000000008ac611d8,0x000000008ac80000)
 Metaspace       used 69580K, committed 71104K, reserved 1114112K
  class space    used 8130K, committed 8768K, reserved 1048576K
}
Event: 36.415 GC heap before
{Heap before GC invocations=88 (full 3):
 PSYoungGen      total 5632K, used 5280K [0x00000000d5580000, 0x00000000d5d80000, 0x0000000100000000)
  eden space 5120K, 100% used [0x00000000d5580000,0x00000000d5a80000,0x00000000d5a80000)
  from space 512K, 31% used [0x00000000d5d00000,0x00000000d5d28000,0x00000000d5d80000)
  to   space 1024K, 0% used [0x00000000d5b80000,0x00000000d5b80000,0x00000000d5c80000)
 ParOldGen       total 176640K, used 176516K [0x0000000080000000, 0x000000008ac80000, 0x00000000d5580000)
  object space 176640K, 99% used [0x0000000080000000,0x000000008ac611d8,0x000000008ac80000)
 Metaspace       used 69635K, committed 71104K, reserved 1114112K
  class space    used 8130K, committed 8768K, reserved 1048576K
}
Event: 36.416 GC heap after
{Heap after GC invocations=88 (full 3):
 PSYoungGen      total 6144K, used 256K [0x00000000d5580000, 0x00000000d5d80000, 0x0000000100000000)
  eden space 5120K, 0% used [0x00000000d5580000,0x00000000d5580000,0x00000000d5a80000)
  from space 1024K, 25% used [0x00000000d5b80000,0x00000000d5bc0000,0x00000000d5c80000)
  to   space 512K, 0% used [0x00000000d5d00000,0x00000000d5d00000,0x00000000d5d80000)
 ParOldGen       total 176640K, used 176572K [0x0000000080000000, 0x000000008ac80000, 0x00000000d5580000)
  object space 176640K, 99% used [0x0000000080000000,0x000000008ac6f1d8,0x000000008ac80000)
 Metaspace       used 69635K, committed 71104K, reserved 1114112K
  class space    used 8130K, committed 8768K, reserved 1048576K
}

Dll operation events (15 events):
Event: 0.016 Loaded shared library c:\Users\Aman raj\.vscode\extensions\redhat.java-1.55.0-win32-x64\jre\21.0.11-win32-x86_64\bin\java.dll
Event: 0.101 Loaded shared library c:\Users\Aman raj\.vscode\extensions\redhat.java-1.55.0-win32-x64\jre\21.0.11-win32-x86_64\bin\zip.dll
Event: 0.126 Loaded shared library C:\Users\Aman raj\.vscode\extensions\redhat.java-1.55.0-win32-x64\jre\21.0.11-win32-x86_64\bin\instrument.dll
Event: 0.134 Loaded shared library C:\Users\Aman raj\.vscode\extensions\redhat.java-1.55.0-win32-x64\jre\21.0.11-win32-x86_64\bin\net.dll
Event: 0.137 Loaded shared library C:\Users\Aman raj\.vscode\extensions\redhat.java-1.55.0-win32-x64\jre\21.0.11-win32-x86_64\bin\nio.dll
Event: 0.141 Loaded shared library C:\Users\Aman raj\.vscode\extensions\redhat.java-1.55.0-win32-x64\jre\21.0.11-win32-x86_64\bin\zip.dll
Event: 0.160 Loaded shared library C:\Users\Aman raj\.vscode\extensions\redhat.java-1.55.0-win32-x64\jre\21.0.11-win32-x86_64\bin\jimage.dll
Event: 0.252 Loaded shared library c:\Users\Aman raj\.vscode\extensions\redhat.java-1.55.0-win32-x64\jre\21.0.11-win32-x86_64\bin\verify.dll
Event: 6.202 Loaded shared library C:\Users\Aman raj\AppData\Roaming\Code\User\globalStorage\redhat.java\1.55.0\config_win\org.eclipse.equinox.launcher\org.eclipse.equinox.launcher.win32.win32.x86_64_1.3.100.v20260613-0559\eclipse_11924.dll
Event: 17.261 Loaded shared library C:\Users\Aman raj\AppData\Local\Temp\jna--1848110860\jna15452790882253652431.dll
Event: 20.946 Loaded shared library C:\Users\Aman raj\.vscode\extensions\redhat.java-1.55.0-win32-x64\jre\21.0.11-win32-x86_64\bin\sunmscapi.dll
Event: 21.121 Loaded shared library C:\Users\Aman raj\.vscode\extensions\redhat.java-1.55.0-win32-x64\jre\21.0.11-win32-x86_64\bin\extnet.dll
Event: 26.380 Loaded shared library C:\Users\Aman raj\.gradle\native\1def1411415f61bf3af743bc5b6707747c0891f09f0c88961ee8f79bc544acac\windows-amd64\native-platform.dll
Event: 27.703 Loaded shared library C:\Users\Aman raj\.vscode\extensions\redhat.java-1.55.0-win32-x64\jre\21.0.11-win32-x86_64\bin\management.dll
Event: 27.706 Loaded shared library C:\Users\Aman raj\.vscode\extensions\redhat.java-1.55.0-win32-x64\jre\21.0.11-win32-x86_64\bin\management_ext.dll

Deoptimization events (20 events):
Event: 35.958 Thread 0x000001af160ab8e0 Uncommon trap: trap_request=0xffffffd6 fr.pc=0x000001aebe5f4c9c relative=0x0000000000006c9c
Event: 35.958 Thread 0x000001af160ab8e0 Uncommon trap: reason=array_check action=maybe_recompile pc=0x000001aebe5f4c9c method=org.eclipse.jdt.internal.compiler.classfmt.ModuleInfo.readModuleAttribute(I)V @ 1029 c2
Event: 35.958 Thread 0x000001af160ab8e0 DEOPT PACKING pc=0x000001aebe5f4c9c sp=0x0000006ae12fdc60
Event: 35.958 Thread 0x000001af160ab8e0 DEOPT UNPACKING pc=0x000001aebda66da2 sp=0x0000006ae12fdc08 mode 2
Event: 35.958 Thread 0x000001af160ab8e0 Uncommon trap: trap_request=0xffffffd6 fr.pc=0x000001aebe5f4c9c relative=0x0000000000006c9c
Event: 35.958 Thread 0x000001af160ab8e0 Uncommon trap: reason=array_check action=maybe_recompile pc=0x000001aebe5f4c9c method=org.eclipse.jdt.internal.compiler.classfmt.ModuleInfo.readModuleAttribute(I)V @ 1029 c2
Event: 35.958 Thread 0x000001af160ab8e0 DEOPT PACKING pc=0x000001aebe5f4c9c sp=0x0000006ae12fdc60
Event: 35.958 Thread 0x000001af160ab8e0 DEOPT UNPACKING pc=0x000001aebda66da2 sp=0x0000006ae12fdc08 mode 2
Event: 35.958 Thread 0x000001af160ab8e0 Uncommon trap: trap_request=0xffffffd6 fr.pc=0x000001aebe5f4c9c relative=0x0000000000006c9c
Event: 35.958 Thread 0x000001af160ab8e0 Uncommon trap: reason=array_check action=maybe_recompile pc=0x000001aebe5f4c9c method=org.eclipse.jdt.internal.compiler.classfmt.ModuleInfo.readModuleAttribute(I)V @ 1029 c2
Event: 35.958 Thread 0x000001af160ab8e0 DEOPT PACKING pc=0x000001aebe5f4c9c sp=0x0000006ae12fdc60
Event: 35.958 Thread 0x000001af160ab8e0 DEOPT UNPACKING pc=0x000001aebda66da2 sp=0x0000006ae12fdc08 mode 2
Event: 37.568 Thread 0x000001af160a9ea0 Uncommon trap: trap_request=0xffffffde fr.pc=0x000001aebe1ecc54 relative=0x0000000000000614
Event: 37.568 Thread 0x000001af160a9ea0 Uncommon trap: reason=class_check action=maybe_recompile pc=0x000001aebe1ecc54 method=java.util.Collections$SetFromMap.remove(Ljava/lang/Object;)Z @ 5 c2
Event: 37.568 Thread 0x000001af160a9ea0 DEOPT PACKING pc=0x000001aebe1ecc54 sp=0x0000006ae11fe3e0
Event: 37.568 Thread 0x000001af160a9ea0 DEOPT UNPACKING pc=0x000001aebda66da2 sp=0x0000006ae11fe3d8 mode 2
Event: 38.428 Thread 0x000001af160a9ea0 Uncommon trap: trap_request=0xffffffde fr.pc=0x000001aebe1ecc54 relative=0x0000000000000614
Event: 38.428 Thread 0x000001af160a9ea0 Uncommon trap: reason=class_check action=maybe_recompile pc=0x000001aebe1ecc54 method=java.util.Collections$SetFromMap.remove(Ljava/lang/Object;)Z @ 5 c2
Event: 38.428 Thread 0x000001af160a9ea0 DEOPT PACKING pc=0x000001aebe1ecc54 sp=0x0000006ae11fe3e0
Event: 38.428 Thread 0x000001af160a9ea0 DEOPT UNPACKING pc=0x000001aebda66da2 sp=0x0000006ae11fe3d8 mode 2

Classes loaded (20 events):
Event: 33.269 Loading class sun/nio/ch/SourceChannelImpl
Event: 33.269 Loading class java/nio/channels/Pipe$SourceChannel
Event: 33.269 Loading class java/nio/channels/Pipe$SourceChannel done
Event: 33.269 Loading class sun/nio/ch/SourceChannelImpl done
Event: 33.269 Loading class sun/nio/ch/SinkChannelImpl
Event: 33.269 Loading class java/nio/channels/Pipe$SinkChannel
Event: 33.269 Loading class java/nio/channels/Pipe$SinkChannel done
Event: 33.269 Loading class sun/nio/ch/SinkChannelImpl done
Event: 33.271 Loading class sun/nio/ch/SelectionKeyImpl
Event: 33.271 Loading class java/nio/channels/spi/AbstractSelectionKey
Event: 33.271 Loading class java/nio/channels/SelectionKey
Event: 33.272 Loading class java/nio/channels/SelectionKey done
Event: 33.272 Loading class java/nio/channels/spi/AbstractSelectionKey done
Event: 33.272 Loading class sun/nio/ch/SelectionKeyImpl done
Event: 33.272 Loading class java/lang/invoke/ConstantBootstraps
Event: 33.272 Loading class java/lang/invoke/ConstantBootstraps done
Event: 33.296 Loading class java/nio/channels/spi/AbstractSelector$1
Event: 33.296 Loading class java/nio/channels/spi/AbstractSelector$1 done
Event: 33.371 Loading class java/util/concurrent/Executors$AutoShutdownDelegatedExecutorService
Event: 33.372 Loading class java/util/concurrent/Executors$AutoShutdownDelegatedExecutorService done

Classes unloaded (15 events):
Event: 18.441 Thread 0x000001aeb3380b40 Unloading class 0x000001aecb1a5000 'java/lang/invoke/LambdaForm$MH+0x000001aecb1a5000'
Event: 18.441 Thread 0x000001aeb3380b40 Unloading class 0x000001aecb1a4c00 'java/lang/invoke/LambdaForm$MH+0x000001aecb1a4c00'
Event: 18.441 Thread 0x000001aeb3380b40 Unloading class 0x000001aecb1a4800 'java/lang/invoke/LambdaForm$MH+0x000001aecb1a4800'
Event: 18.441 Thread 0x000001aeb3380b40 Unloading class 0x000001aecb1a4400 'java/lang/invoke/LambdaForm$MH+0x000001aecb1a4400'
Event: 18.441 Thread 0x000001aeb3380b40 Unloading class 0x000001aecb1a4000 'java/lang/invoke/LambdaForm$BMH+0x000001aecb1a4000'
Event: 18.441 Thread 0x000001aeb3380b40 Unloading class 0x000001aecb1a3c00 'java/lang/invoke/LambdaForm$DMH+0x000001aecb1a3c00'
Event: 18.441 Thread 0x000001aeb3380b40 Unloading class 0x000001aecb1a2800 'java/lang/invoke/LambdaForm$DMH+0x000001aecb1a2800'
Event: 20.605 Thread 0x000001aeb3380b40 Unloading class 0x000001aecb314800 'java/lang/invoke/LambdaForm$MH+0x000001aecb314800'
Event: 20.605 Thread 0x000001aeb3380b40 Unloading class 0x000001aecb313c00 'java/lang/invoke/LambdaForm$MH+0x000001aecb313c00'
Event: 20.605 Thread 0x000001aeb3380b40 Unloading class 0x000001aecb313400 'java/lang/invoke/LambdaForm$MH+0x000001aecb313400'
Event: 20.605 Thread 0x000001aeb3380b40 Unloading class 0x000001aecb312c00 'java/lang/invoke/LambdaForm$MH+0x000001aecb312c00'
Event: 20.605 Thread 0x000001aeb3380b40 Unloading class 0x000001aecb312800 'java/lang/invoke/LambdaForm$DMH+0x000001aecb312800'
Event: 20.605 Thread 0x000001aeb3380b40 Unloading class 0x000001aecb311c00 'java/lang/invoke/LambdaForm$MH+0x000001aecb311c00'
Event: 20.605 Thread 0x000001aeb3380b40 Unloading class 0x000001aecb30e400 'java/lang/invoke/LambdaForm$MH+0x000001aecb30e400'
Event: 20.605 Thread 0x000001aeb3380b40 Unloading class 0x000001aecb30dc00 'java/lang/invoke/LambdaForm$MH+0x000001aecb30dc00'

Classes redefined (0 events):
No events

Internal exceptions (20 events):
Event: 36.414 Thread 0x000001af160ab8e0 Exception <a 'sun/nio/fs/WindowsException'{0x00000000d5a7c7d8}> (0x00000000d5a7c7d8) 
thrown [s\src\hotspot\share\prims\jni.cpp, line 520]
Event: 36.414 Thread 0x000001af160ab8e0 Exception <a 'sun/nio/fs/WindowsException'{0x00000000d5a7d0b8}> (0x00000000d5a7d0b8) 
thrown [s\src\hotspot\share\prims\jni.cpp, line 520]
Event: 36.415 Thread 0x000001af160ab8e0 Exception <a 'sun/nio/fs/WindowsException'{0x00000000d5a7e2d8}> (0x00000000d5a7e2d8) 
thrown [s\src\hotspot\share\prims\jni.cpp, line 520]
Event: 36.415 Thread 0x000001af160ab8e0 Exception <a 'sun/nio/fs/WindowsException'{0x00000000d5a7ecb0}> (0x00000000d5a7ecb0) 
thrown [s\src\hotspot\share\prims\jni.cpp, line 520]
Event: 36.417 Thread 0x000001af160ab8e0 Exception <a 'sun/nio/fs/WindowsException'{0x00000000d5580270}> (0x00000000d5580270) 
thrown [s\src\hotspot\share\prims\jni.cpp, line 520]
Event: 36.417 Thread 0x000001af160ab8e0 Exception <a 'sun/nio/fs/WindowsException'{0x00000000d5580c48}> (0x00000000d5580c48) 
thrown [s\src\hotspot\share\prims\jni.cpp, line 520]
Event: 36.417 Thread 0x000001af160ab8e0 Exception <a 'sun/nio/fs/WindowsException'{0x00000000d5582708}> (0x00000000d5582708) 
thrown [s\src\hotspot\share\prims\jni.cpp, line 520]
Event: 36.418 Thread 0x000001af160ab8e0 Exception <a 'sun/nio/fs/WindowsException'{0x00000000d5583238}> (0x00000000d5583238) 
thrown [s\src\hotspot\share\prims\jni.cpp, line 520]
Event: 36.418 Thread 0x000001af160ab8e0 Exception <a 'sun/nio/fs/WindowsException'{0x00000000d5584588}> (0x00000000d5584588) 
thrown [s\src\hotspot\share\prims\jni.cpp, line 520]
Event: 36.418 Thread 0x000001af160ab8e0 Exception <a 'sun/nio/fs/WindowsException'{0x00000000d5584e68}> (0x00000000d5584e68) 
thrown [s\src\hotspot\share\prims\jni.cpp, line 520]
Event: 36.418 Thread 0x000001af160ab8e0 Exception <a 'sun/nio/fs/WindowsException'{0x00000000d5586088}> (0x00000000d5586088) 
thrown [s\src\hotspot\share\prims\jni.cpp, line 520]
Event: 36.418 Thread 0x000001af160ab8e0 Exception <a 'sun/nio/fs/WindowsException'{0x00000000d5586a60}> (0x00000000d5586a60) 
thrown [s\src\hotspot\share\prims\jni.cpp, line 520]
Event: 36.418 Thread 0x000001af160ab8e0 Exception <a 'sun/nio/fs/WindowsException'{0x00000000d5587dd8}> (0x00000000d5587dd8) 
thrown [s\src\hotspot\share\prims\jni.cpp, line 520]
Event: 36.418 Thread 0x000001af160ab8e0 Exception <a 'sun/nio/fs/WindowsException'{0x00000000d55887b0}> (0x00000000d55887b0) 
thrown [s\src\hotspot\share\prims\jni.cpp, line 520]
Event: 36.419 Thread 0x000001af160ab8e0 Exception <a 'sun/nio/fs/WindowsException'{0x00000000d558b4a8}> (0x00000000d558b4a8) 
thrown [s\src\hotspot\share\prims\jni.cpp, line 520]
Event: 36.420 Thread 0x000001af160ab8e0 Exception <a 'sun/nio/fs/WindowsException'{0x00000000d558bfd8}> (0x00000000d558bfd8) 
thrown [s\src\hotspot\share\prims\jni.cpp, line 520]
Event: 36.420 Thread 0x000001af160ab8e0 Exception <a 'sun/nio/fs/WindowsException'{0x00000000d558d328}> (0x00000000d558d328) 
thrown [s\src\hotspot\share\prims\jni.cpp, line 520]
Event: 36.420 Thread 0x000001af160ab8e0 Exception <a 'sun/nio/fs/WindowsException'{0x00000000d558dc08}> (0x00000000d558dc08) 
thrown [s\src\hotspot\share\prims\jni.cpp, line 520]
Event: 36.420 Thread 0x000001af160ab8e0 Exception <a 'sun/nio/fs/WindowsException'{0x00000000d558f078}> (0x00000000d558f078) 
thrown [s\src\hotspot\share\prims\jni.cpp, line 520]
Event: 36.421 Thread 0x000001af160ab8e0 Exception <a 'sun/nio/fs/WindowsException'{0x00000000d558fa50}> (0x00000000d558fa50) 
thrown [s\src\hotspot\share\prims\jni.cpp, line 520]

ZGC Phase Switch (0 events):
No events

VM Operations (20 events):
Event: 54.595 Executing safepoint VM operation: Cleanup
Event: 54.595 Executing safepoint VM operation: Cleanup done
Event: 60.236 Executing non-safepoint VM operation: HandshakeAllThreads (HandshakeForDeflation)
Event: 60.237 Executing non-safepoint VM operation: HandshakeAllThreads (HandshakeForDeflation) done
Event: 60.237 Executing non-safepoint VM operation: RendezvousGCThreads
Event: 60.237 Executing non-safepoint VM operation: RendezvousGCThreads done
Event: 62.252 Executing safepoint VM operation: Cleanup
Event: 62.252 Executing safepoint VM operation: Cleanup done
Event: 90.543 Executing safepoint VM operation: Cleanup
Event: 90.543 Executing safepoint VM operation: Cleanup done
Event: 93.587 Executing safepoint VM operation: Cleanup
Event: 93.587 Executing safepoint VM operation: Cleanup done
Event: 97.630 Executing safepoint VM operation: Cleanup
Event: 97.630 Executing safepoint VM operation: Cleanup done
Event: 98.643 Executing safepoint VM operation: Cleanup
Event: 98.643 Executing safepoint VM operation: Cleanup done
Event: 99.655 Executing safepoint VM operation: Cleanup
Event: 99.655 Executing safepoint VM operation: Cleanup done
Event: 100.668 Executing safepoint VM operation: Cleanup
Event: 100.668 Executing safepoint VM operation: Cleanup done

Memory protections (0 events):
No events

Nmethod flushes (20 events):
Event: 26.750 Thread 0x000001aeb3380b40 flushing  nmethod 0x000001aeb6e0d290
Event: 26.750 Thread 0x000001aeb3380b40 flushing  nmethod 0x000001aeb6e44e10
Event: 26.750 Thread 0x000001aeb3380b40 flushing  nmethod 0x000001aeb6e45410
Event: 26.750 Thread 0x000001aeb3380b40 flushing  nmethod 0x000001aeb6e45790
Event: 26.750 Thread 0x000001aeb3380b40 flushing  nmethod 0x000001aeb6e46690
Event: 26.750 Thread 0x000001aeb3380b40 flushing  nmethod 0x000001aeb6e5e790
Event: 26.750 Thread 0x000001aeb3380b40 flushing  nmethod 0x000001aeb6e5ed90
Event: 26.750 Thread 0x000001aeb3380b40 flushing  nmethod 0x000001aeb6e5fc10
Event: 26.750 Thread 0x000001aeb3380b40 flushing  nmethod 0x000001aeb6e62490
Event: 26.750 Thread 0x000001aeb3380b40 flushing  nmethod 0x000001aeb6e6e810
Event: 26.750 Thread 0x000001aeb3380b40 flushing  nmethod 0x000001aeb6e73910
Event: 26.750 Thread 0x000001aeb3380b40 flushing  nmethod 0x000001aeb6e84a10
Event: 26.750 Thread 0x000001aeb3380b40 flushing  nmethod 0x000001aeb6e9f390
Event: 26.750 Thread 0x000001aeb3380b40 flushing  nmethod 0x000001aeb6eb6190
Event: 26.750 Thread 0x000001aeb3380b40 flushing  nmethod 0x000001aeb6ed5090
Event: 26.750 Thread 0x000001aeb3380b40 flushing  nmethod 0x000001aeb6ed5e10
Event: 26.750 Thread 0x000001aeb3380b40 flushing  nmethod 0x000001aeb6ed6f90
Event: 26.750 Thread 0x000001aeb3380b40 flushing  nmethod 0x000001aeb6ed8190
Event: 26.750 Thread 0x000001aeb3380b40 flushing  nmethod 0x000001aeb6ed8590
Event: 26.750 Thread 0x000001aeb3380b40 flushing  nmethod 0x000001aeb6eda210

Events (20 events):
Event: 30.151 Thread 0x000001af160a9ea0 Thread added: 0x000001af1e12bab0
Event: 30.430 Thread 0x000001af160a9ea0 Thread added: 0x000001af1e12ce60
Event: 30.468 Thread 0x000001af1e12ce60 Thread added: 0x000001af1e1299e0
Event: 30.469 Thread 0x000001af1e1299e0 Thread exited: 0x000001af1e1299e0
Event: 30.470 Thread 0x000001af1e12ce60 Thread added: 0x000001af1e12c7d0
Event: 31.461 Thread 0x000001af12c736a0 Thread exited: 0x000001af12c736a0
Event: 31.548 Thread 0x000001af0c18c0b0 Thread added: 0x000001af1e7ca8d0
Event: 31.801 Thread 0x000001af14421e40 Thread exited: 0x000001af14421e40
Event: 32.246 Thread 0x000001af1e7ca8d0 Thread exited: 0x000001af1e7ca8d0
Event: 32.253 Thread 0x000001af12c73d70 Thread exited: 0x000001af12c73d70
Event: 33.232 Thread 0x000001af1e12ce60 Thread exited: 0x000001af1e12ce60
Event: 33.232 Thread 0x000001af1e12c7d0 Thread exited: 0x000001af1e12c7d0
Event: 36.008 Thread 0x000001af0c18c0b0 Thread added: 0x000001af1e7ccae0
Event: 36.008 Thread 0x000001af0c18c0b0 Thread added: 0x000001af1e7cb670
Event: 37.164 Thread 0x000001af1e7cb670 Thread exited: 0x000001af1e7cb670
Event: 37.164 Thread 0x000001af1e7ccae0 Thread exited: 0x000001af1e7ccae0
Event: 96.446 Thread 0x000001af160ab8e0 Thread exited: 0x000001af160ab8e0
Event: 96.555 Thread 0x000001af0d377e30 Thread exited: 0x000001af0d377e30
Event: 96.555 Thread 0x000001af0d3763f0 Thread exited: 0x000001af0d3763f0
Event: 96.586 Thread 0x000001af14167990 Thread exited: 0x000001af14167990


Dynamic libraries:
0x00007ff72d190000 - 0x00007ff72d19e000 	c:\Users\Aman raj\.vscode\extensions\redhat.java-1.55.0-win32-x64\jre\21.0.11-win32-x86_64\bin\java.exe
0x00007fff751a0000 - 0x00007fff75406000 	C:\WINDOWS\SYSTEM32\ntdll.dll
0x00007fff73fe0000 - 0x00007fff740a9000 	C:\WINDOWS\System32\KERNEL32.DLL
0x00007fff72610000 - 0x00007fff72a0f000 	C:\WINDOWS\System32\KERNELBASE.dll
0x00007fff72ab0000 - 0x00007fff72bfc000 	C:\WINDOWS\System32\ucrtbase.dll
0x00007fff4d060000 - 0x00007fff4d07e000 	c:\Users\Aman raj\.vscode\extensions\redhat.java-1.55.0-win32-x64\jre\21.0.11-win32-x86_64\bin\VCRUNTIME140.dll
0x00007fff65a90000 - 0x00007fff65aa8000 	c:\Users\Aman raj\.vscode\extensions\redhat.java-1.55.0-win32-x64\jre\21.0.11-win32-x86_64\bin\jli.dll
0x00007fff74ee0000 - 0x00007fff750a6000 	C:\WINDOWS\System32\USER32.dll
0x00007fff5ce80000 - 0x00007fff5d111000 	C:\WINDOWS\WinSxS\amd64_microsoft.windows.common-controls_6595b64144ccf1df_6.0.26100.8972_none_3e0da176e32f9d4b\COMCTL32.dll
0x00007fff72520000 - 0x00007fff72547000 	C:\WINDOWS\System32\win32u.dll
0x00007fff750b0000 - 0x00007fff75159000 	C:\WINDOWS\System32\msvcrt.dll
0x00007fff73ee0000 - 0x00007fff73f0b000 	C:\WINDOWS\System32\GDI32.dll
0x00007fff72c10000 - 0x00007fff72d39000 	C:\WINDOWS\System32\gdi32full.dll
0x00007fff72470000 - 0x00007fff72513000 	C:\WINDOWS\System32\msvcp_win.dll
0x00007fff74440000 - 0x00007fff74472000 	C:\WINDOWS\System32\IMM32.DLL
0x00007fff65a40000 - 0x00007fff65a4c000 	c:\Users\Aman raj\.vscode\extensions\redhat.java-1.55.0-win32-x64\jre\21.0.11-win32-x86_64\bin\vcruntime140_1.dll
0x00007fff115c0000 - 0x00007fff1164d000 	c:\Users\Aman raj\.vscode\extensions\redhat.java-1.55.0-win32-x64\jre\21.0.11-win32-x86_64\bin\msvcp140.dll
0x00007fff00550000 - 0x00007fff012f2000 	c:\Users\Aman raj\.vscode\extensions\redhat.java-1.55.0-win32-x64\jre\21.0.11-win32-x86_64\bin\server\jvm.dll
0x00007fff73170000 - 0x00007fff7322c000 	C:\WINDOWS\System32\ADVAPI32.dll
0x00007fff73e30000 - 0x00007fff73eda000 	C:\WINDOWS\System32\sechost.dll
0x00007fff733a0000 - 0x00007fff734b8000 	C:\WINDOWS\System32\RPCRT4.dll
0x00007fff73770000 - 0x00007fff737f2000 	C:\WINDOWS\System32\WS2_32.dll
0x00007fff67980000 - 0x00007fff6798b000 	C:\WINDOWS\SYSTEM32\VERSION.dll
0x00007fff70ee0000 - 0x00007fff70f3e000 	C:\WINDOWS\SYSTEM32\POWRPROF.dll
0x00007fff61410000 - 0x00007fff61446000 	C:\WINDOWS\SYSTEM32\WINMM.dll
0x00007fff70ec0000 - 0x00007fff70ed5000 	C:\WINDOWS\SYSTEM32\UMPDC.dll
0x00007fff711c0000 - 0x00007fff711db000 	C:\WINDOWS\SYSTEM32\kernel.appcore.dll
0x00007fff62c40000 - 0x00007fff62c4a000 	c:\Users\Aman raj\.vscode\extensions\redhat.java-1.55.0-win32-x64\jre\21.0.11-win32-x86_64\bin\jimage.dll
0x00007fff6fa70000 - 0x00007fff6fcb2000 	C:\WINDOWS\SYSTEM32\DBGHELP.DLL
0x00007fff740b0000 - 0x00007fff74435000 	C:\WINDOWS\System32\combase.dll
0x00007fff73800000 - 0x00007fff738d9000 	C:\WINDOWS\System32\OLEAUT32.dll
0x00007fff6b8d0000 - 0x00007fff6b90b000 	C:\WINDOWS\SYSTEM32\dbgcore.DLL
0x00007fff72550000 - 0x00007fff725fc000 	C:\WINDOWS\System32\bcryptPrimitives.dll
0x00007fff5c050000 - 0x00007fff5c05f000 	c:\Users\Aman raj\.vscode\extensions\redhat.java-1.55.0-win32-x64\jre\21.0.11-win32-x86_64\bin\instrument.dll
0x00007fff4d040000 - 0x00007fff4d060000 	c:\Users\Aman raj\.vscode\extensions\redhat.java-1.55.0-win32-x64\jre\21.0.11-win32-x86_64\bin\java.dll
0x00007fff74670000 - 0x00007fff74df8000 	C:\WINDOWS\System32\SHELL32.dll
0x00007fff6fe50000 - 0x00007fff706eb000 	C:\WINDOWS\SYSTEM32\windows.storage.dll
0x00007fff73070000 - 0x00007fff73169000 	C:\WINDOWS\System32\SHCORE.dll
0x00007fff74600000 - 0x00007fff74666000 	C:\WINDOWS\System32\shlwapi.dll
0x00007fff722d0000 - 0x00007fff722f9000 	C:\WINDOWS\SYSTEM32\profapi.dll
0x00007fff46740000 - 0x00007fff46758000 	c:\Users\Aman raj\.vscode\extensions\redhat.java-1.55.0-win32-x64\jre\21.0.11-win32-x86_64\bin\zip.dll
0x00007fff61220000 - 0x00007fff61230000 	C:\Users\Aman raj\.vscode\extensions\redhat.java-1.55.0-win32-x64\jre\21.0.11-win32-x86_64\bin\net.dll
0x00007fff68580000 - 0x00007fff686a8000 	C:\WINDOWS\SYSTEM32\WINHTTP.dll
0x00007fff71770000 - 0x00007fff717dc000 	C:\WINDOWS\system32\mswsock.dll
0x00007fff44250000 - 0x00007fff44266000 	C:\Users\Aman raj\.vscode\extensions\redhat.java-1.55.0-win32-x64\jre\21.0.11-win32-x86_64\bin\nio.dll
0x00007fff5bea0000 - 0x00007fff5beb0000 	c:\Users\Aman raj\.vscode\extensions\redhat.java-1.55.0-win32-x64\jre\21.0.11-win32-x86_64\bin\verify.dll
0x00007fff166a0000 - 0x00007fff166e5000 	C:\Users\Aman raj\AppData\Roaming\Code\User\globalStorage\redhat.java\1.55.0\config_win\org.eclipse.equinox.launcher\org.eclipse.equinox.launcher.win32.win32.x86_64_1.3.100.v20260613-0559\eclipse_11924.dll
0x00007fff72ed0000 - 0x00007fff73069000 	C:\WINDOWS\System32\ole32.dll
0x00007fff71a60000 - 0x00007fff71a7b000 	C:\WINDOWS\SYSTEM32\CRYPTSP.dll
0x00007fff71120000 - 0x00007fff71159000 	C:\WINDOWS\system32\rsaenh.dll
0x00007fff71820000 - 0x00007fff71852000 	C:\WINDOWS\SYSTEM32\USERENV.dll
0x00007fff722a0000 - 0x00007fff722ca000 	C:\WINDOWS\SYSTEM32\bcrypt.dll
0x00007fff71a80000 - 0x00007fff71a8c000 	C:\WINDOWS\SYSTEM32\CRYPTBASE.dll
0x00007fff70ab0000 - 0x00007fff70ae3000 	C:\WINDOWS\SYSTEM32\IPHLPAPI.DLL
0x00007fff745f0000 - 0x00007fff745fa000 	C:\WINDOWS\System32\NSI.dll
0x00007fff11430000 - 0x00007fff11479000 	C:\Users\Aman raj\AppData\Local\Temp\jna--1848110860\jna15452790882253652431.dll
0x00007fff73f10000 - 0x00007fff73f18000 	C:\WINDOWS\System32\PSAPI.DLL
0x00007fff68ad0000 - 0x00007fff68aed000 	C:\WINDOWS\SYSTEM32\dhcpcsvc6.DLL
0x00007fff68aa0000 - 0x00007fff68ac5000 	C:\WINDOWS\SYSTEM32\dhcpcsvc.DLL
0x00007fff4e130000 - 0x00007fff4e13e000 	C:\Users\Aman raj\.vscode\extensions\redhat.java-1.55.0-win32-x64\jre\21.0.11-win32-x86_64\bin\sunmscapi.dll
0x00007fff72d40000 - 0x00007fff72ebe000 	C:\WINDOWS\System32\CRYPT32.dll
0x00007fff71ca0000 - 0x00007fff71cd0000 	C:\WINDOWS\SYSTEM32\ncrypt.dll
0x00007fff71c50000 - 0x00007fff71c8f000 	C:\WINDOWS\SYSTEM32\NTASN1.dll
0x00007fff70af0000 - 0x00007fff70c48000 	C:\WINDOWS\SYSTEM32\DNSAPI.dll
0x00007fff71570000 - 0x00007fff7157d000 	C:\WINDOWS\SYSTEM32\DSPARSE.dll
0x00007fff688e0000 - 0x00007fff688eb000 	C:\Windows\System32\rasadhlp.dll
0x00007fff696c0000 - 0x00007fff69746000 	C:\WINDOWS\System32\fwpuclnt.dll
0x00007fff4efc0000 - 0x00007fff4efc9000 	C:\Users\Aman raj\.vscode\extensions\redhat.java-1.55.0-win32-x64\jre\21.0.11-win32-x86_64\bin\extnet.dll
0x00007fff1cac0000 - 0x00007fff1cae7000 	C:\Users\Aman raj\.gradle\native\1def1411415f61bf3af743bc5b6707747c0891f09f0c88961ee8f79bc544acac\windows-amd64\native-platform.dll
0x00007fff518a0000 - 0x00007fff518aa000 	C:\Users\Aman raj\.vscode\extensions\redhat.java-1.55.0-win32-x64\jre\21.0.11-win32-x86_64\bin\management.dll
0x00007fff4efd0000 - 0x00007fff4efdc000 	C:\Users\Aman raj\.vscode\extensions\redhat.java-1.55.0-win32-x64\jre\21.0.11-win32-x86_64\bin\management_ext.dll
0x00007fff43880000 - 0x00007fff43888000 	C:\WINDOWS\system32\wshunix.dll

JVMTI agents:
c:\Users\Aman raj\.vscode\extensions\redhat.java-1.55.0-win32-x64\lombok\lombok-1.18.39-4050.jar path:c:\Users\Aman raj\.vscode\extensions\redhat.java-1.55.0-win32-x64\jre\21.0.11-win32-x86_64\bin\instrument.dll, loaded, initialized, instrumentlib options:none

dbghelp: loaded successfully - version: 4.0.5 - missing functions: none
symbol engine: initialized successfully - sym options: 0x614 - pdb path: .;c:\Users\Aman raj\.vscode\extensions\redhat.java-1.55.0-win32-x64\jre\21.0.11-win32-x86_64\bin;C:\WINDOWS\SYSTEM32;C:\WINDOWS\WinSxS\amd64_microsoft.windows.common-controls_6595b64144ccf1df_6.0.26100.8972_none_3e0da176e32f9d4b;c:\Users\Aman raj\.vscode\extensions\redhat.java-1.55.0-win32-x64\jre\21.0.11-win32-x86_64\bin\server;C:\Users\Aman raj\AppData\Roaming\Code\User\globalStorage\redhat.java\1.55.0\config_win\org.eclipse.equinox.launcher\org.eclipse.equinox.launcher.win32.win32.x86_64_1.3.100.v20260613-0559;C:\Users\Aman raj\AppData\Local\Temp\jna--1848110860;C:\Users\Aman raj\.gradle\native\1def1411415f61bf3af743bc5b6707747c0891f09f0c88961ee8f79bc544acac\windows-amd64

VM Arguments:
jvm_args: --add-modules=ALL-SYSTEM --add-opens=java.base/java.util=ALL-UNNAMED --add-opens=java.base/java.lang=ALL-UNNAMED --add-opens=java.base/sun.nio.fs=ALL-UNNAMED -Declipse.application=org.eclipse.jdt.ls.core.id1 -Dosgi.bundles.defaultStartLevel=4 -Declipse.product=org.eclipse.jdt.ls.core.product -Djava.import.generatesMetadataFilesAtProjectRoot=false -DDetectVMInstallationsJob.disabled=true -Dfile.encoding=utf8 -XX:+UseParallelGC -XX:GCTimeRatio=4 -XX:AdaptiveSizePolicyWeight=90 -Dsun.zip.disableMemoryMapping=true -Xmx2G -Xms100m -Xlog:disable -javaagent:c:\Users\Aman raj\.vscode\extensions\redhat.java-1.55.0-win32-x64\lombok\lombok-1.18.39-4050.jar -XX:+HeapDumpOnOutOfMemoryError -XX:HeapDumpPath=c:\Users\Aman raj\AppData\Roaming\Code\User\workspaceStorage\5f513f52087a13a16cb6df4646fdf309\redhat.java -Daether.dependencyCollector.impl=bf 
java_command: c:\Users\Aman raj\.vscode\extensions\redhat.java-1.55.0-win32-x64\server\plugins\org.eclipse.equinox.launcher_1.7.200.v20260619-2039.jar -configuration c:\Users\Aman raj\AppData\Roaming\Code\User\globalStorage\redhat.java\1.55.0\config_win -data c:\Users\Aman raj\AppData\Roaming\Code\User\workspaceStorage\5f513f52087a13a16cb6df4646fdf309\redhat.java\jdt_ws --pipe=\\.\pipe\lsp-d6b2baf7c568f8d24d2fe1d4e25d520e-sock
java_class_path (initial): c:\Users\Aman raj\.vscode\extensions\redhat.java-1.55.0-win32-x64\server\plugins\org.eclipse.equinox.launcher_1.7.200.v20260619-2039.jar
Launcher Type: SUN_STANDARD

[Global flags]
    uintx AdaptiveSizePolicyWeight                 = 90                                        {product} {command line}
     intx CICompilerCount                          = 4                                         {product} {ergonomic}
    uintx GCTimeRatio                              = 4                                         {product} {command line}
     bool HeapDumpOnOutOfMemoryError               = true                                   {manageable} {command line}
    ccstr HeapDumpPath                             = c:\Users\Aman raj\AppData\Roaming\Code\User\workspaceStorage\5f513f52087a13a16cb6df4646fdf309\redhat.java         {manageable} {command line}
   size_t InitialHeapSize                          = 104857600                                 {product} {command line}
   size_t MaxHeapSize                              = 2147483648                                {product} {command line}
   size_t MaxNewSize                               = 715653120                                 {product} {ergonomic}
   size_t MinHeapDeltaBytes                        = 524288                                    {product} {ergonomic}
   size_t MinHeapSize                              = 104857600                                 {product} {command line}
   size_t NewSize                                  = 34603008                                  {product} {ergonomic}
    uintx NonNMethodCodeHeapSize                   = 5839372                                {pd product} {ergonomic}
    uintx NonProfiledCodeHeapSize                  = 122909434                              {pd product} {ergonomic}
   size_t OldSize                                  = 70254592                                  {product} {ergonomic}
    uintx ProfiledCodeHeapSize                     = 122909434                              {pd product} {ergonomic}
    uintx ReservedCodeCacheSize                    = 251658240                              {pd product} {ergonomic}
     bool SegmentedCodeCache                       = true                                      {product} {ergonomic}
   size_t SoftMaxHeapSize                          = 2147483648                             {manageable} {ergonomic}
     bool UseCompressedOops                        = true                           {product lp64_product} {ergonomic}
     bool UseLargePagesIndividualAllocation        = false                                  {pd product} {ergonomic}
     bool UseParallelGC                            = true                                      {product} {command line}

Logging:
Log output configuration:
 #0: stdout all=off uptime,level,tags foldmultilines=false
 #1: stderr all=off uptime,level,tags foldmultilines=false

Release file:
JAVA_VERSION="21.0.11" 
MODULES="java.base java.compiler java.datatransfer java.xml java.prefs java.desktop java.instrument java.logging java.management java.security.sasl java.naming java.rmi java.management.rmi java.net.http java.scripting java.security.jgss java.transaction.xa java.sql java.sql.rowset java.xml.crypto java.se java.smartcardio jdk.accessibility jdk.internal.jvmstat jdk.attach jdk.charsets jdk.internal.opt jdk.zipfs jdk.compiler jdk.crypto.ec jdk.crypto.cryptoki jdk.crypto.mscapi jdk.dynalink jdk.internal.ed jdk.editpad jdk.hotspot.agent jdk.httpserver jdk.internal.le jdk.internal.vm.ci jdk.internal.vm.compiler jdk.internal.vm.compiler.management jdk.jartool jdk.javadoc jdk.jcmd jdk.management jdk.management.agent jdk.jconsole jdk.jdeps jdk.jdwp.agent jdk.jdi jdk.jfr jdk.jshell jdk.jsobject jdk.jstatd jdk.localedata jdk.management.jfr jdk.naming.dns jdk.naming.rmi jdk.net jdk.nio.mapmode jdk.random jdk.sctp jdk.security.auth jdk.security.jgss jdk.unsupported jdk.unsupported.desktop jdk.xml.dom" 

Environment Variables:
JAVA_HOME=C:\Program Files\Eclipse Adoptium\jdk-17.0.19.10-hotspot\
PATH=C:\Program Files\Eclipse Adoptium\jdk-17.0.19.10-hotspot\bin;C:\Program Files\Microsoft\jdk-17.0.18.8-hotspot\bin;C:\Program Files\Common Files\Oracle\Java\javapath;C:\Windows\system32;C:\Windows;C:\Windows\System32\Wbem;C:\Windows\System32\WindowsPowerShell\v1.0\;C:\Windows\System32\OpenSSH\;C:\Program Files\NVIDIA Corporation\NVIDIA NvDLISR;C:\Program Files\dotnet\;C:\Program Files (x86)\Microsoft SQL Server\160\Tools\Binn\;C:\Program Files\Microsoft SQL Server\160\Tools\Binn\;C:\Program Files\Microsoft SQL Server\Client SDK\ODBC\170\Tools\Binn\;C:\Program Files\Microsoft SQL Server\160\DTS\Binn\;C:\Program Files\Java\jdk-20\bin;C:\WINDOWS\system32;C:\WINDOWS;C:\WINDOWS\System32\Wbem;C:\WINDOWS\System32\WindowsPowerShell\v1.0\;C:\WINDOWS\System32\OpenSSH\;C:\Program Files\MongoDB\mongosh-2.2.1-win32-x64\bin;C:\Program Files\MongoDB\Server\7.0\bin;C:\Program Files\MongoDB\mongodb-database-tools-windows-x86_64-100.9.4\bin;C:\Program Files\Git\cmd;C:\php-8.3.6;C:\Program Files\Docker\Docker\resources\bin;C:\Users\Aman raj\AppData\Roaming\npm\node_modules;C:\Users\Aman raj\Downloads\gradle-8.10.2-all\gradle-8.10.2\bin;C:\Users\Aman raj\Downloads\gradle-8.10.2-all\gradle-8.10.2\bin\gradle.bat;C:\Program Files\Java\jdk-24\bin;C:\WINDOWS\instaclient\instantclient10_1;C:\ProgramData\chocolatey\bin;%ANDROID_HOME%\platform-tools;%ANDROID_HOME%\emulator;C:\Program Files\nodejs\;C:\Program Files\Microsoft SQL Server\150\Tools\Binn\;C:\Program Files (x86)\Microsoft SQL Server\170\Tools\Binn\;C:\Program Files\Microsoft SQL Server\170\Tools\Binn\;C:\Program Files\Microsoft SQL Server\Client SDK\ODBC\180\Tools\Binn\;C:\Program Files\Microsoft SQL Server\170\DTS\Binn\;C:\Users\Aman raj\AppData\Local\Programs\Python\Launcher\;C:\Users\Aman raj\AppData\Local\Microsoft\WindowsApps;C:\Program Files\Azure Data Studio\bin;C:\Program Files\JetBrains\PyCharm Community Edition 2023.3.3\bin;;C:\php-8.3.6;C:\Users\Aman raj\AppData\Local\Microsoft\WinGet\Packages\Schniz.fnm_Microsoft.Winget.Source_8wekyb3d8bbwe;C:\Users\Aman raj\AppData\Local\Pub\Cache\bin;C:\Users\Aman raj\AppData\Local\Programs\Microsoft VS Code\bin;C:\Android\Sdk\platform-tools;C:\Android\Sdk\emulator;C:\Android\Sdk\cmdline-tools\latest\bin;C:\Android\Sdk\tools;C:\Android\Sdk\tools\bin;C:\Users\Aman raj\AppData\Roaming\npm;C:\Users\Aman raj\AppData\Local\Programs\cursor\resources\app\bin;C:\Users\Aman raj\.dotnet\tools;C:\flutter\bin;
USERNAME=Aman raj
OS=Windows_NT
PROCESSOR_IDENTIFIER=Intel64 Family 6 Model 141 Stepping 1, GenuineIntel
TMP=C:\Users\AMANRA~1\AppData\Local\Temp
TEMP=C:\Users\AMANRA~1\AppData\Local\Temp




Periodic native trim disabled

---------------  S Y S T E M  ---------------

OS:
 Windows 11 , 64 bit Build 26100 (10.0.26100.9168)
OS uptime: 14 days 0:19 hours
Hyper-V role detected

CPU: total 12 (initial active 12) (6 cores per cpu, 2 threads per core) family 6 model 141 stepping 1 microcode 0x58, cx8, cmov, fxsr, ht, mmx, 3dnowpref, sse, sse2, sse3, ssse3, sse4.1, sse4.2, popcnt, lzcnt, tsc, tscinvbit, avx, avx2, aes, erms, clmul, bmi1, bmi2, adx, avx512f, avx512dq, avx512cd, avx512bw, avx512vl, sha, fma, vzeroupper, avx512_vpopcntdq, avx512_vpclmulqdq, avx512_vaes, avx512_vnni, clflush, clflushopt, clwb, avx512_vbmi2, avx512_vbmi, hv, rdtscp, rdpid, fsrm, gfni, avx512_bitalg, f16c, cet_ibt, cet_ss, avx512_ifma
Processor Information for the first 12 processors :
  Max Mhz: 2611, Current Mhz: 2611, Mhz Limit: 2611

Memory: 4k page, system-wide physical 16110M (1110M free)
TotalPageFile size 36922M (AvailPageFile size 1216M)
current process WorkingSet (physical memory assigned to process): 397M, peak: 442M
current process commit charge ("private bytes"): 467M, peak: 515M

vm_info: OpenJDK 64-Bit Server VM (21.0.11+10-LTS) for windows-amd64 JRE (21.0.11+10-LTS), built on 2026-04-21T00:00:00Z by "admin" with MS VC++ 17.12 (VS2022)

END.
